]0;~/Dropbox/R/my-boxplot[?1034hvani-kilakkathis-macbook-3:my-boxplot danielyudkin$ [Kvani-kilakkathis-macbook-3:my-boxplot danielyudkin$ git nit[K[K[Kini[Kit
Initialized empty Git repository in /Users/danielyudkin/Dropbox/R/my-boxplot/.git/
]0;~/Dropbox/R/my-boxplotvani-kilakkathis-macbook-3:my-boxplot danielyudkin$ git commit
On branch master

Initial commit

Untracked files:
	[31m.Rproj.user/[m
	[31mmy-boxplot.R[m
	[31mmy-boxplot.Rproj[m

nothing added to commit but untracked files present
]0;~/Dropbox/R/my-boxplotvani-kilakkathis-macbook-3:my-boxplot danielyudkin$ git add
Nothing specified, nothing added.
Maybe you wanted to say 'git add .'?
]0;~/Dropbox/R/my-boxplotvani-kilakkathis-macbook-3:my-boxplot danielyudkin$ git add .
]0;~/Dropbox/R/my-boxplotvani-kilakkathis-macbook-3:my-boxplot danielyudkin$ git commit
hint: Waiting for your editor to close the file... [?2004h[KAborting commit due to empty commit message.
]0;~/Dropbox/R/my-boxplotvani-kilakkathis-macbook-3:my-boxplot danielyudkin$ git add .
]0;~/Dropbox/R/my-boxplotvani-kilakkathis-macbook-3:my-boxplot danielyudkin$ git commit -m "First Commit[K[K[K[K[Kc[K[Kcommit"
[master (root-commit) ce02bdd] First commit
 Committer: Daniel Yudkin <danielyudkin@vani-kilakkathis-macbook-3.local>
Your name and email address were configured automatically based
on your username and hostname. Please check that they are accurate.
You can suppress this message by setting them explicitly. Run the
following command and follow the instructions in your editor to edit
your configuration file:

    git config --global --edit

After doing this, you may fix the identity used for this commit with:

    git commit --amend --reset-author

 16 files changed, 2777 insertions(+)
 create mode 100644 .Rproj.user/646DC523/console06/51A8CA0A
 create mode 100644 .Rproj.user/646DC523/console06/51A8CA0A.env
 create mode 100644 .Rproj.user/646DC523/console06/INDEX001
 create mode 100644 .Rproj.user/646DC523/sources/prop/B53816
 create mode 100644 .Rproj.user/646DC523/sources/prop/F34D5183
 create mode 100644 .Rproj.user/646DC523/sources/prop/INDEX
 create mode 100644 .Rproj.user/646DC523/sources/s-E0BBA658/782BDB4F-contents
 create mode 100644 .Rproj.user/646DC523/sources/s-E0BBA658/8B3B9345
 create mode 100644 .Rproj.user/646DC523/sources/s-E0BBA658/8B3B9345-contents
 create mode 100644 .Rproj.user/646DC523/sources/s-E0BBA658/A7586A2D
 create mode 100644 .Rproj.user/646DC523/sources/s-E0BBA658/A7586A2D-contents
 create mode 100644 .Rproj.user/646DC523/sources/s-E0BBA658/lock_file
 create mode 100644 .Rproj.user/shared/notebooks/patch-chunk-names
 create mode 100644 .Rproj.user/shared/notebooks/paths
 create mode 100644 my-boxplot.R
 create mode 100644 my-boxplot.Rproj
]0;~/Dropbox/R/my-boxplotvani-kilakkathis-macbook-3:my-boxplot danielyudkin$ git remote add origin remote repository URLhttps://github .com/dyudkin/my-boxplot.git[K[K[K[K[K[K[K[K[K[K[K[K[K[K[K[K[K[K[K[K[K[K[K[K[K[K[K[A[C[C[C[C[C[C[C[C[C[C[C[C[C[C[C[C[C[C[C[C[C[C[C[C[C[C[C[C[C[C[C[C[C[C[C[C[C[C[C[C[C[C[C[C[C[C[C[C[C[C[C[C[C[C[C[C[C[C[C[C[C[C[C[C[C[C[C[C[C[C[C[C[C[C[C[C[C[C[C[C[C[C[C[C[C[C[C[C[C[C[C[C[C[C[C[C[C[C[C[C[C[C[C[C[C[C[C[C[K
[K[A[C[C[C[C[C[C[C[C[C[C[C[C[C[C[C[C[C[C[C[C[C[C[C[C[C[C[C[C[C[C[C[C[C[C[C[C[C[C[C[C[C[C[C[C[C[C[C[C[C[C[C[C[C[C[C[C[C[C[C[C[C[C[C[C[C[C[C[C[C[C[C[C[C[C[C[C[C[C[C[C[C[C[C[C[C[C[C[C[C[C[C[C[C[C[C[C[C[C[C[C[C[C[C[C[C[C[C[C[K[K[K[K[K[K[K[K[K[K[K[K[K[K[K[K[K[K[K[K[K[K[K[K[K[K[K[K[K[K[K[K[K[K[Khttps://github.com/dyudkin/my-boxplo t.git[K[K[K[K[K[A[C[C[C[C[C[C[C[C[C[C[C[C[C[C[C[C[C[C[C[C[C[C[C[C[C[C[C[C[C[C[C[C[C[C[C[C[C[C[C[C[C[C[C[C[C[C[C[C[C[C[C[C[C[C[C[C[C[C[C[C[C[C[C[C[C[C[C[C[C[C[C[C[C[C[C[C[C[C[C[C[C[C[C[C[C[C[C[C[C[C[C[C[C[C[C[C[C[C[C[C[C[C[C[C[C[C[C[C[K
[K[A[C[C[C[C[C[C[C[C[C[C[C[C[C[C[C[C[C[C[C[C[C[C[C[C[C[C[C[C[C[C[C[C[C[C[C[C[C[C[C[C[C[C[C[C[C[C[C[C[C[C[C[C[C[C[C[C[C[C[C[C[C[C[C[C[C[C[C[C[C[C[C[C[C[C[C[C[C[C[C[C[C[C[C[C[C[C[C[C[C[C[C[C[C[C[C[C[C[C[C[C[C[C[C[C[C[C[C[C[K[K[K[K[K[K[K[K[K[K[K[K[K[K[K[K[K[K[K[K[K[K[K[K[K[K[K[K[K[K[K[K[K[K[K
usage: git remote add [<options>] <name> <url>

    -f, --fetch           fetch the remote branches
    --tags                import all tags and associated objects when fetching
                          or do not fetch any tag at all (--no-tags)
    -t, --track <branch>  branch(es) to track
    -m, --master <branch>
                          master branch
    --mirror[=(push|fetch)]
                          set up remote as a mirror to push to or fetch from

]0;~/Dropbox/R/my-boxplotvani-kilakkathis-macbook-3:my-boxplot danielyudkin$ https://github.com/dyudkin/my-boxplot.git
bash: https://github.com/dyudkin/my-boxplot.git: No such file or directory
]0;~/Dropbox/R/my-boxplotvani-kilakkathis-macbook-3:my-boxplot danielyudkin$ https://github.com/dyudkin/my-boxplot.git[20Pgit remote add origin https://github.com/dyudkin/my-boxpl ot.git
]0;~/Dropbox/R/my-boxplotvani-kilakkathis-macbook-3:my-boxplot danielyudkin$ git remote -v
origin	https://github.com/dyudkin/my-boxplot.git (fetch)
origin	https://github.com/dyudkin/my-boxplot.git (push)
]0;~/Dropbox/R/my-boxplotvani-kilakkathis-macbook-3:my-boxplot danielyudkin$ git push -u origin master
error: cannot run rpostback-askpass: No such file or directory
Username for 'https://github.com': dyudkin
error: cannot run rpostback-askpass: No such file or directory
Password for 'https://dyudkin@github.com': 
To https://github.com/dyudkin/my-boxplot.git
 [31m! [rejected]       [m master -> master (fetch first)
[31merror: failed to push some refs to 'https://github.com/dyudkin/my-boxplot.git'
[m[33mhint: Updates were rejected because the remote contains work that you do[m
[33mhint: not have locally. This is usually caused by another repository pushing[m
[33mhint: to the same ref. You may want to first integrate the remote changes[m
[33mhint: (e.g., 'git pull ...') before pushing again.[m
[33mhint: See the 'Note about fast-forwards' in 'git push --help' for details.[m
]0;~/Dropbox/R/my-boxplotvani-kilakkathis-macbook-3:my-boxplot danielyudkin$ git add .
]0;~/Dropbox/R/my-boxplotvani-kilakkathis-macbook-3:my-boxplot danielyudkin$ git c[Kcommit m[K-m "First Commit"
[master 877ea15] First Commit
 Committer: Daniel Yudkin <danielyudkin@vani-kilakkathis-macbook-3.local>
Your name and email address were configured automatically based
on your username and hostname. Please check that they are accurate.
You can suppress this message by setting them explicitly. Run the
following command and follow the instructions in your editor to edit
your configuration file:

    git config --global --edit

After doing this, you may fix the identity used for this commit with:

    git commit --amend --reset-author

 1 file changed, 66 insertions(+)
]0;~/Dropbox/R/my-boxplotvani-kilakkathis-macbook-3:my-boxplot danielyudkin$ git push
fatal: The current branch master has no upstream branch.
To push the current branch and set the remote as upstream, use

    git push --set-upstream origin master

]0;~/Dropbox/R/my-boxplotvani-kilakkathis-macbook-3:my-boxplot danielyudkin$ git push --set-upstream origin master
To https://github.com/dyudkin/my-boxplot.git
 [31m! [rejected]       [m master -> master (fetch first)
[31merror: failed to push some refs to 'https://github.com/dyudkin/my-boxplot.git'
[m[33mhint: Updates were rejected because the remote contains work that you do[m
[33mhint: not have locally. This is usually caused by another repository pushing[m
[33mhint: to the same ref. You may want to first integrate the remote changes[m
[33mhint: (e.g., 'git pull ...') before pushing again.[m
[33mhint: See the 'Note about fast-forwards' in 'git push --help' for details.[m
]0;~/Dropbox/R/my-boxplotvani-kilakkathis-macbook-3:my-boxplot danielyudkin$ git pull
warning: no common commits
remote: Enumerating objects: 3, done.[K
remote: Counting objects:  33% (1/3)[Kremote: Counting objects:  66% (2/3)[Kremote: Counting objects: 100% (3/3)[Kremote: Counting objects: 100% (3/3), done.[K
remote: Total 3 (delta 0), reused 0 (delta 0), pack-reused 0[K
Unpacking objects:  33% (1/3)   Unpacking objects:  66% (2/3)   Unpacking objects: 100% (3/3)   Unpacking objects: 100% (3/3), done.
From https://github.com/dyudkin/my-boxplot
 * [new branch]      master     -> origin/master
There is no tracking information for the current branch.
Please specify which branch you want to merge with.
See git-pull(1) for details.

    git pull <remote> <branch>

If you wish to set tracking information for this branch you can do so with:

    git branch --set-upstream-to=origin/<branch> master

]0;~/Dropbox/R/my-boxplotvani-kilakkathis-macbook-3:my-boxplot danielyudkin$ git puh[Ksh
fatal: The current branch master has no upstream branch.
To push the current branch and set the remote as upstream, use

    git push --set-upstream origin master

]0;~/Dropbox/R/my-boxplotvani-kilakkathis-macbook-3:my-boxplot danielyudkin$ [Kvani-kilakkathis-macbook-3:my-boxplot danielyudkin$ git remote add origin https://github.com/dyudkin/my-boxpl ot.git
fatal: remote origin already exists.
]0;~/Dropbox/R/my-boxplotvani-kilakkathis-macbook-3:my-boxplot danielyudkin$ git push
fatal: The current branch master has no upstream branch.
To push the current branch and set the remote as upstream, use

    git push --set-upstream origin master

]0;~/Dropbox/R/my-boxplotvani-kilakkathis-macbook-3:my-boxplot danielyudkin$ git push --set-upstream origin master
To https://github.com/dyudkin/my-boxplot.git
 [31m! [rejected]       [m master -> master (non-fast-forward)
[31merror: failed to push some refs to 'https://github.com/dyudkin/my-boxplot.git'
[m[33mhint: Updates were rejected because the tip of your current branch is behind[m
[33mhint: its remote counterpart. Integrate the remote changes (e.g.[m
[33mhint: 'git pull ...') before pushing again.[m
[33mhint: See the 'Note about fast-forwards' in 'git push --help' for details.[m
]0;~/Dropbox/R/my-boxplotvani-kilakkathis-macbook-3:my-boxplot danielyudkin$ git init
Reinitialized existing Git repository in /Users/danielyudkin/Dropbox/R/my-boxplot/.git/
]0;~/Dropbox/R/my-boxplotvani-kilakkathis-macbook-3:my-boxplot danielyudkin$ git add .
]0;~/Dropbox/R/my-boxplotvani-kilakkathis-macbook-3:my-boxplot danielyudkin$ gg[Kit commit - m "[K[K[K[Km "Second commit"
[master ab49633] Second commit
 Committer: Daniel Yudkin <danielyudkin@vani-kilakkathis-macbook-3.local>
Your name and email address were configured automatically based
on your username and hostname. Please check that they are accurate.
You can suppress this message by setting them explicitly. Run the
following command and follow the instructions in your editor to edit
your configuration file:

    git config --global --edit

After doing this, you may fix the identity used for this commit with:

    git commit --amend --reset-author

 2 files changed, 75 insertions(+), 1 deletion(-)
 rewrite .Rproj.user/646DC523/console06/INDEX001 (70%)
]0;~/Dropbox/R/my-boxplotvani-kilakkathis-macbook-3:my-boxplot danielyudkin$ git push
fatal: The current branch master has no upstream branch.
To push the current branch and set the remote as upstream, use

    git push --set-upstream origin master

]0;~/Dropbox/R/my-boxplotvani-kilakkathis-macbook-3:my-boxplot danielyudkin$ git push --set-upstream origin master
To https://github.com/dyudkin/my-boxplot.git
 [31m! [rejected]       [m master -> master (non-fast-forward)
[31merror: failed to push some refs to 'https://github.com/dyudkin/my-boxplot.git'
[m[33mhint: Updates were rejected because the tip of your current branch is behind[m
[33mhint: its remote counterpart. Integrate the remote changes (e.g.[m
[33mhint: 'git pull ...') before pushing again.[m
[33mhint: See the 'Note about fast-forwards' in 'git push --help' for details.[m
]0;~/Dropbox/R/my-boxplotvani-kilakkathis-macbook-3:my-boxplot danielyudkin$ git pull
There is no tracking information for the current branch.
Please specify which branch you want to merge with.
See git-pull(1) for details.

    git pull <remote> <branch>

If you wish to set tracking information for this branch you can do so with:

    git branch --set-upstream-to=origin/<branch> master

]0;~/Dropbox/R/my-boxplotvani-kilakkathis-macbook-3:my-boxplot danielyudkin$ git push
fatal: The current branch master has no upstream branch.
To push the current branch and set the remote as upstream, use

    git push --set-upstream origin master

]0;~/Dropbox/R/my-boxplotvani-kilakkathis-macbook-3:my-boxplot danielyudkin$ git push --set-upstream origin master
To https://github.com/dyudkin/my-boxplot.git
 [31m! [rejected]       [m master -> master (fetch first)
[31merror: failed to push some refs to 'https://github.com/dyudkin/my-boxplot.git'
[m[33mhint: Updates were rejected because the remote contains work that you do[m
[33mhint: not have locally. This is usually caused by another repository pushing[m
[33mhint: to the same ref. You may want to first integrate the remote changes[m
[33mhint: (e.g., 'git pull ...') before pushing again.[m
[33mhint: See the 'Note about fast-forwards' in 'git push --help' for details.[m
]0;~/Dropbox/R/my-boxplotvani-kilakkathis-macbook-3:my-boxplot danielyudkin$ git push --help
]0;~/Dropbox/R/my-boxplotvani-kilakkathis-macbook-3:my-boxplot danielyudkin$ 
]0;~/Dropbox/R/my-boxplotvani-kilakkathis-macbook-3:my-boxplot danielyudkin$ git add . [K
]0;~/Dropbox/R/my-boxplotvani-kilakkathis-macbook-3:my-boxplot danielyudkin$ git
usage: git [--version] [--help] [-C <path>] [-c <name>=<value>]
           [--exec-path[=<path>]] [--html-path] [--man-path] [--info-path]
           [-p | --paginate | -P | --no-pager] [--no-replace-objects] [--bare]
           [--git-dir=<path>] [--work-tree=<path>] [--namespace=<name>]
           <command> [<args>]

These are common Git commands used in various situations:

start a working area (see also: git help tutorial)
   clone      Clone a repository into a new directory
   init       Create an empty Git repository or reinitialize an existing one

work on the current change (see also: git help everyday)
   add        Add file contents to the index
   mv         Move or rename a file, a directory, or a symlink
   reset      Reset current HEAD to the specified state
   rm         Remove files from the working tree and from the index

examine the history and state (see also: git help revisions)
   bisect     Use binary search to find the commit that introduced a bug
   grep       Print lines matching a pattern
   log        Show commit logs
   show       Show various types of objects
   status     Show the working tree status

grow, mark and tweak your common history
   branch     List, create, or delete branches
   checkout    Switch branches or restore working tree files
   commit     Record changes to the repository
   diff       Show changes between commits, commit and working tree, etc
   merge      Join two or more development histories together
   rebase     Reapply commits on top of another base tip
   tag        Create, list, delete or verify a tag object signed with GPG

collaborate (see also: git help workflows)
   fetch      Download objects and refs from another repository
   pull       Fetch from and integrate with another repository or a local branch
   push       Update remote refs along with associated objects

'git help -a' and 'git help -g' list available subcommands and some
concept guides. See 'git help <command>' or 'git help <concept>'
to read about a specific subcommand or concept.
]0;~/Dropbox/R/my-boxplotvani-kilakkathis-macbook-3:my-boxplot danielyudkin$ git init
Reinitialized existing Git repository in /Users/danielyudkin/Dropbox/R/my-boxplot/.git/
]0;~/Dropbox/R/my-boxplotvani-kilakkathis-macbook-3:my-boxplot danielyudkin$ git fetch
remote: Enumerating objects: 3, done.[K
remote: Counting objects:  33% (1/3)[Kremote: Counting objects:  66% (2/3)[Kremote: Counting objects: 100% (3/3)[Kremote: Counting objects: 100% (3/3), done.[K
remote: Total 2 (delta 0), reused 0 (delta 0), pack-reused 0[K
Unpacking objects:  50% (1/2)   Unpacking objects: 100% (2/2)   Unpacking objects: 100% (2/2), done.
From https://github.com/dyudkin/my-boxplot
   5d9bb1d..ecce527  master     -> origin/master
]0;~/Dropbox/R/my-boxplotvani-kilakkathis-macbook-3:my-boxplot danielyudkin$ git checkout
M	.Rproj.user/646DC523/console06/51A8CA0A
M	.Rproj.user/646DC523/console06/INDEX001
]0;~/Dropbox/R/my-boxplotvani-kilakkathis-macbook-3:my-boxplot danielyudkin$ hard pull
bash: hard: command not found
]0;~/Dropbox/R/my-boxplotvani-kilakkathis-macbook-3:my-boxplot danielyudkin$ hard push
bash: hard: command not found
]0;~/Dropbox/R/my-boxplotvani-kilakkathis-macbook-3:my-boxplot danielyudkin$ git p[Kbard [K[K[K[K[K[K[K[K[Kgit push --force
fatal: The current branch master has no upstream branch.
To push the current branch and set the remote as upstream, use

    git push --set-upstream origin master

]0;~/Dropbox/R/my-boxplotvani-kilakkathis-macbook-3:my-boxplot danielyudkin$ git remote set-url origin https://github.com/AnneMarieHar m/deliverable_one.git[K[K[K[K[K[K[K[K[K[K[K[K[K[K[K[K[K[K[K[K[K[A[C[C[C[C[C[C[C[C[C[C[C[C[C[C[C[C[C[C[C[C[C[C[C[C[C[C[C[C[C[C[C[C[C[C[C[C[C[C[C[C[C[C[C[C[C[C[C[C[C[C[C[C[C[C[C[C[C[C[C[C[C[C[C[C[C[C[C[C[C[C[C[C[C[C[C[C[C[C[C[C[C[C[C[C[C[C[C[C[C[C[C[C[C[C[C[C[C[C[C[C[C[C[C[C[C[C[C[C[K
[K[A[C[C[C[C[C[C[C[C[C[C[C[C[C[C[C[C[C[C[C[C[C[C[C[C[C[C[C[C[C[C[C[C[C[C[C[C[C[C[C[C[C[C[C[C[C[C[C[C[C[C[C[C[C[C[C[C[C[C[C[C[C[C[C[C[C[C[C[C[C[C[C[C[C[C[C[C[C[C[C[C[C[C[C[C[C[C[C[C[C[C[C[C[C[C[C[C[C[C[C[C[C[C[C[C[C[C[C[C[K[K[K[K[K[K[K[K[K[K[K[K[K[K[K[K[K[K[K[K[K[K[K[K[K[K[K[K[K[K[K https://github.com/dyudkin/my-b oxplot.git
]0;~/Dropbox/R/my-boxplotvani-kilakkathis-macbook-3:my-boxplot danielyudkin$ git push
fatal: The current branch master has no upstream branch.
To push the current branch and set the remote as upstream, use

    git push --set-upstream origin master

]0;~/Dropbox/R/my-boxplotvani-kilakkathis-macbook-3:my-boxplot danielyudkin$ git init
Reinitialized existing Git repository in /Users/danielyudkin/Dropbox/R/my-boxplot/.git/
]0;~/Dropbox/R/my-boxplotvani-kilakkathis-macbook-3:my-boxplot danielyudkin$ git add.[K .
]0;~/Dropbox/R/my-boxplotvani-kilakkathis-macbook-3:my-boxplot danielyudkin$ git commit -m "First commit"
[master 5b21be1] First commit
 Committer: Daniel Yudkin <danielyudkin@vani-kilakkathis-macbook-3.local>
Your name and email address were configured automatically based
on your username and hostname. Please check that they are accurate.
You can suppress this message by setting them explicitly. Run the
following command and follow the instructions in your editor to edit
your configuration file:

    git config --global --edit

After doing this, you may fix the identity used for this commit with:

    git commit --amend --reset-author

 2 files changed, 138 insertions(+), 2 deletions(-)
 rewrite .Rproj.user/646DC523/console06/INDEX001 (70%)
]0;~/Dropbox/R/my-boxplotvani-kilakkathis-macbook-3:my-boxplot danielyudkin$ git remote add origin https://github.com/dyudkin/my_boxpl ot.git
fatal: remote origin already exists.
]0;~/Dropbox/R/my-boxplotvani-kilakkathis-macbook-3:my-boxplot danielyudkin$ git remote -v
origin	https://github.com/dyudkin/my-boxplot.git (fetch)
origin	https://github.com/dyudkin/my-boxplot.git (push)
]0;~/Dropbox/R/my-boxplotvani-kilakkathis-macbook-3:my-boxplot danielyudkin$ git push -u origin master
remote: Repository not found.
fatal: repository 'https://github.com/dyudkin/my-boxplot.git/' not found
]0;~/Dropbox/R/my-boxplotvani-kilakkathis-macbook-3:my-boxplot danielyudkin$ git checkout
M	.Rproj.user/646DC523/console06/51A8CA0A
M	.Rproj.user/646DC523/sources/prop/F34D5183
M	.Rproj.user/646DC523/sources/s-E0BBA658/A7586A2D
M	.Rproj.user/646DC523/sources/s-E0BBA658/A7586A2D-contents
]0;~/Dropbox/R/my-boxplotvani-kilakkathis-macbook-3:my-boxplot danielyudkin$ git push
fatal: The current branch master has no upstream branch.
To push the current branch and set the remote as upstream, use

    git push --set-upstream origin master

]0;~/Dropbox/R/my-boxplotvani-kilakkathis-macbook-3:my-boxplot danielyudkin$ git push --force
fatal: The current branch master has no upstream branch.
To push the current branch and set the remote as upstream, use

    git push --set-upstream origin master

]0;~/Dropbox/R/my-boxplotvani-kilakkathis-macbook-3:my-boxplot danielyudkin$ git push -u origin master[K[K[K[K[K[K[K[K[K[K[K[K[K[K[K[K[K[K[K[K[K[K[K[K[Kgit remote add origin https://github.com/dyudkin/my_boxpl ot.git
fatal: remote origin already exists.
]0;~/Dropbox/R/my-boxplotvani-kilakkathis-macbook-3:my-boxplot danielyudkin$ git push -u origin master
remote: Repository not found.
fatal: repository 'https://github.com/dyudkin/my-boxplot.git/' not found
]0;~/Dropbox/R/my-boxplotvani-kilakkathis-macbook-3:my-boxplot danielyudkin$ git init
Reinitialized existing Git repository in /Users/danielyudkin/Dropbox/R/my-boxplot/.git/
git check
git: 'check' is not a git command. See 'git --help'.

The most similar commands are
	checkout
	check-attr
	cherry
]0;~/Dropbox/R/my-boxplotvani-kilakkathis-macbook-3:my-boxplot danielyudkin$ git --help
usage: git [--version] [--help] [-C <path>] [-c <name>=<value>]
           [--exec-path[=<path>]] [--html-path] [--man-path] [--info-path]
           [-p | --paginate | -P | --no-pager] [--no-replace-objects] [--bare]
           [--git-dir=<path>] [--work-tree=<path>] [--namespace=<name>]
           <command> [<args>]

These are common Git commands used in various situations:

start a working area (see also: git help tutorial)
   clone      Clone a repository into a new directory
   init       Create an empty Git repository or reinitialize an existing one

work on the current change (see also: git help everyday)
   add        Add file contents to the index
   mv         Move or rename a file, a directory, or a symlink
   reset      Reset current HEAD to the specified state
   rm         Remove files from the working tree and from the index

examine the history and state (see also: git help revisions)
   bisect     Use binary search to find the commit that introduced a bug
   grep       Print lines matching a pattern
   log        Show commit logs
   show       Show various types of objects
   status     Show the working tree status

grow, mark and tweak your common history
   branch     List, create, or delete branches
   checkout    Switch branches or restore working tree files
   commit     Record changes to the repository
   diff       Show changes between commits, commit and working tree, etc
   merge      Join two or more development histories together
   rebase     Reapply commits on top of another base tip
   tag        Create, list, delete or verify a tag object signed with GPG

collaborate (see also: git help workflows)
   fetch      Download objects and refs from another repository
   pull       Fetch from and integrate with another repository or a local branch
   push       Update remote refs along with associated objects

'git help -a' and 'git help -g' list available subcommands and some
concept guides. See 'git help <command>' or 'git help <concept>'
to read about a specific subcommand or concept.
]0;~/Dropbox/R/my-boxplotvani-kilakkathis-macbook-3:my-boxplot danielyudkin$ git branch
[?1h=* [32mmaster[m[m
[K[?1l>]0;~/Dropbox/R/my-boxplotvani-kilakkathis-macbook-3:my-boxplot danielyudkin$ git status
On branch master
Changes not staged for commit:
  (use "git add/rm <file>..." to update what will be committed)
  (use "git checkout -- <file>..." to discard changes in working directory)

	[31mmodified:   .Rproj.user/646DC523/console06/51A8CA0A[m
	[31mmodified:   .Rproj.user/646DC523/console06/51A8CA0A.env[m
	[31mmodified:   .Rproj.user/646DC523/console06/INDEX001[m
	[31mmodified:   .Rproj.user/646DC523/sources/prop/B53816[m
	[31mmodified:   .Rproj.user/646DC523/sources/prop/F34D5183[m
	[31mdeleted:    .Rproj.user/646DC523/sources/s-E0BBA658/782BDB4F-contents[m
	[31mdeleted:    .Rproj.user/646DC523/sources/s-E0BBA658/8B3B9345[m
	[31mdeleted:    .Rproj.user/646DC523/sources/s-E0BBA658/8B3B9345-contents[m
	[31mdeleted:    .Rproj.user/646DC523/sources/s-E0BBA658/A7586A2D[m
	[31mdeleted:    .Rproj.user/646DC523/sources/s-E0BBA658/A7586A2D-contents[m
	[31mdeleted:    .Rproj.user/646DC523/sources/s-E0BBA658/lock_file[m
	[31mmodified:   my-boxplot.R[m

Untracked files:
  (use "git add <file>..." to include in what will be committed)

	[31m.gitignore[m

no changes added to commit (use "git add" and/or "git commit -a")
]0;~/Dropbox/R/my-boxplotvani-kilakkathis-macbook-3:my-boxplot danielyudkin$ git add my-boxplot.R
]0;~/Dropbox/R/my-boxplotvani-kilakkathis-macbook-3:my-boxplot danielyudkin$ git commit -m "First commit"
[master a6344dd] First commit
 Committer: Daniel Yudkin <danielyudkin@vani-kilakkathis-macbook-3.local>
Your name and email address were configured automatically based
on your username and hostname. Please check that they are accurate.
You can suppress this message by setting them explicitly. Run the
following command and follow the instructions in your editor to edit
your configuration file:

    git config --global --edit

After doing this, you may fix the identity used for this commit with:

    git commit --amend --reset-author

 1 file changed, 1 insertion(+)
]0;~/Dropbox/R/my-boxplotvani-kilakkathis-macbook-3:my-boxplot danielyudkin$ git push
fatal: The current branch master has no upstream branch.
To push the current branch and set the remote as upstream, use

    git push --set-upstream origin master

]0;~/Dropbox/R/my-boxplotvani-kilakkathis-macbook-3:my-boxplot danielyudkin$ git push --set-upstream origin master
remote: Repository not found.
fatal: repository 'https://github.com/dyudkin/my-boxplot.git/' not found
]0;~/Dropbox/R/my-boxplotvani-kilakkathis-macbook-3:my-boxplot danielyudkin$ git remote add origin https://github.com/dyudkin/my_boxpl ot.git
fatal: remote origin already exists.
]0;~/Dropbox/R/my-boxplotvani-kilakkathis-macbook-3:my-boxplot danielyudkin$ git remote rm origin
]0;~/Dropbox/R/my-boxplotvani-kilakkathis-macbook-3:my-boxplot danielyudkin$ git remote add origin https://github.com/dyudkin/my_boxpl ot.git
]0;~/Dropbox/R/my-boxplotvani-kilakkathis-macbook-3:my-boxplot danielyudkin$ git push
fatal: The current branch master has no upstream branch.
To push the current branch and set the remote as upstream, use

    git push --set-upstream origin master

]0;~/Dropbox/R/my-boxplotvani-kilakkathis-macbook-3:my-boxplot danielyudkin$ git push --set-upstream origin master
Enumerating objects: 47, done.
Counting objects:   2% (1/47)   Counting objects:   4% (2/47)   Counting objects:   6% (3/47)   Counting objects:   8% (4/47)   Counting objects:  10% (5/47)   Counting objects:  12% (6/47)   Counting objects:  14% (7/47)   Counting objects:  17% (8/47)   Counting objects:  19% (9/47)   Counting objects:  21% (10/47)   Counting objects:  23% (11/47)   Counting objects:  25% (12/47)   Counting objects:  27% (13/47)   Counting objects:  29% (14/47)   Counting objects:  31% (15/47)   Counting objects:  34% (16/47)   Counting objects:  36% (17/47)   Counting objects:  38% (18/47)   Counting objects:  40% (19/47)   Counting objects:  42% (20/47)   Counting objects:  44% (21/47)   Counting objects:  46% (22/47)   Counting objects:  48% (23/47)   Counting objects:  51% (24/47)   Counting objects:  53% (25/47)   Counting objects:  55% (26/47)   Counting objects:  57% (27/47)   Counting objects:  59% (28/47)   Counting objects:  61% (29/47)   Counting objects:  63% (30/47)   Counting objects:  65% (31/47)   Counting objects:  68% (32/47)   Counting objects:  70% (33/47)   Counting objects:  72% (34/47)   Counting objects:  74% (35/47)   Counting objects:  76% (36/47)   Counting objects:  78% (37/47)   Counting objects:  80% (38/47)   Counting objects:  82% (39/47)   Counting objects:  85% (40/47)   Counting objects:  87% (41/47)   Counting objects:  89% (42/47)   Counting objects:  91% (43/47)   Counting objects:  93% (44/47)   Counting objects:  95% (45/47)   Counting objects:  97% (46/47)   Counting objects: 100% (47/47)   Counting objects: 100% (47/47), done.
Delta compression using up to 4 threads
Compressing objects:   2% (1/44)   Compressing objects:   4% (2/44)   Compressing objects:   6% (3/44)   Compressing objects:   9% (4/44)   Compressing objects:  11% (5/44)   Compressing objects:  13% (6/44)   Compressing objects:  15% (7/44)   Compressing objects:  18% (8/44)   Compressing objects:  20% (9/44)   Compressing objects:  22% (10/44)   Compressing objects:  25% (11/44)   Compressing objects:  27% (12/44)   Compressing objects:  29% (13/44)   Compressing objects:  31% (14/44)   Compressing objects:  34% (15/44)   Compressing objects:  36% (16/44)   Compressing objects:  38% (17/44)   Compressing objects:  40% (18/44)   Compressing objects:  43% (19/44)   Compressing objects:  45% (20/44)   Compressing objects:  47% (21/44)   Compressing objects:  50% (22/44)   Compressing objects:  52% (23/44)   Compressing objects:  54% (24/44)   Compressing objects:  56% (25/44)   Compressing objects:  59% (26/44)   Compressing objects:  61% (27/44)   Compressing objects:  63% (28/44)   Compressing objects:  65% (29/44)   Compressing objects:  68% (30/44)   Compressing objects:  70% (31/44)   Compressing objects:  72% (32/44)   Compressing objects:  75% (33/44)   Compressing objects:  77% (34/44)   Compressing objects:  79% (35/44)   Compressing objects:  81% (36/44)   Compressing objects:  84% (37/44)   Compressing objects:  86% (38/44)   Compressing objects:  88% (39/44)   Compressing objects:  90% (40/44)   Compressing objects:  93% (41/44)   Compressing objects:  95% (42/44)   Compressing objects:  97% (43/44)   Compressing objects: 100% (44/44)   Compressing objects: 100% (44/44), done.
Writing objects:   2% (1/47)   Writing objects:   4% (2/47)   Writing objects:   6% (3/47)   Writing objects:   8% (4/47)   Writing objects:  10% (5/47)   Writing objects:  12% (6/47)   Writing objects:  14% (7/47)   Writing objects:  17% (8/47)   Writing objects:  19% (9/47)   Writing objects:  21% (10/47)   Writing objects:  23% (11/47)   Writing objects:  27% (13/47)   Writing objects:  29% (14/47)   Writing objects:  31% (15/47)   Writing objects:  34% (16/47)   Writing objects:  36% (17/47)   Writing objects:  38% (18/47)   Writing objects:  40% (19/47)   Writing objects:  42% (20/47)   Writing objects:  46% (22/47)   Writing objects:  48% (23/47)   Writing objects:  51% (24/47)   Writing objects:  53% (25/47)   Writing objects:  55% (26/47)   Writing objects:  57% (27/47)   Writing objects:  59% (28/47)   Writing objects:  61% (29/47)   Writing objects:  63% (30/47)   Writing objects:  65% (31/47)   Writing objects:  68% (32/47)   Writing objects:  70% (33/47)   Writing objects:  72% (34/47)   Writing objects:  74% (35/47)   Writing objects:  76% (36/47)   Writing objects:  78% (37/47)   Writing objects:  80% (38/47)   Writing objects:  82% (39/47)   Writing objects:  85% (40/47)   Writing objects:  87% (41/47)   Writing objects:  89% (42/47)   Writing objects:  91% (43/47)   Writing objects:  93% (44/47)   Writing objects:  95% (45/47)   Writing objects:  97% (46/47)   Writing objects: 100% (47/47)   Writing objects: 100% (47/47), 21.24 KiB | 207.00 KiB/s, done.
Total 47 (delta 8), reused 0 (delta 0)
remote: Resolving deltas:   0% (0/8)[Kremote: Resolving deltas:  12% (1/8)[Kremote: Resolving deltas:  50% (4/8)[Kremote: Resolving deltas:  75% (6/8)[Kremote: Resolving deltas:  87% (7/8)[Kremote: Resolving deltas: 100% (8/8)[Kremote: Resolving deltas: 100% (8/8), done.[K
To https://github.com/dyudkin/my_boxplot.git
 * [new branch]      master -> master
Branch 'master' set up to track remote branch 'master' from 'origin'.
]0;~/Dropbox/R/my-boxplotvani-kilakkathis-macbook-3:my-boxplot danielyudkin$ git add .
]0;~/Dropbox/R/my-boxplotvani-kilakkathis-macbook-3:my-boxplot danielyudkin$ git comi[Kmit -m "Second commit"
[master 02897ea] Second commit
 Committer: Daniel Yudkin <danielyudkin@vani-kilakkathis-macbook-3.local>
Your name and email address were configured automatically based
on your username and hostname. Please check that they are accurate.
You can suppress this message by setting them explicitly. Run the
following command and follow the instructions in your editor to edit
your configuration file:

    git config --global --edit

After doing this, you may fix the identity used for this commit with:

    git commit --amend --reset-author

 13 files changed, 185 insertions(+), 2540 deletions(-)
 rewrite .Rproj.user/646DC523/console06/INDEX001 (100%)
 delete mode 100644 .Rproj.user/646DC523/sources/s-E0BBA658/782BDB4F-contents
 delete mode 100644 .Rproj.user/646DC523/sources/s-E0BBA658/8B3B9345
 delete mode 100644 .Rproj.user/646DC523/sources/s-E0BBA658/8B3B9345-contents
 delete mode 100644 .Rproj.user/646DC523/sources/s-E0BBA658/A7586A2D
 delete mode 100644 .Rproj.user/646DC523/sources/s-E0BBA658/A7586A2D-contents
 delete mode 100644 .Rproj.user/646DC523/sources/s-E0BBA658/lock_file
 create mode 100644 .gitignore
]0;~/Dropbox/R/my-boxplotvani-kilakkathis-macbook-3:my-boxplot danielyudkin$ git push
Enumerating objects: 26, done.
Counting objects:   3% (1/26)   Counting objects:   7% (2/26)   Counting objects:  11% (3/26)   Counting objects:  15% (4/26)   Counting objects:  19% (5/26)   Counting objects:  23% (6/26)   Counting objects:  26% (7/26)   Counting objects:  30% (8/26)   Counting objects:  34% (9/26)   Counting objects:  38% (10/26)   Counting objects:  42% (11/26)   Counting objects:  46% (12/26)   Counting objects:  50% (13/26)   Counting objects:  53% (14/26)   Counting objects:  57% (15/26)   Counting objects:  61% (16/26)   Counting objects:  65% (17/26)   Counting objects:  69% (18/26)   Counting objects:  73% (19/26)   Counting objects:  76% (20/26)   Counting objects:  80% (21/26)   Counting objects:  84% (22/26)   Counting objects:  88% (23/26)   Counting objects:  92% (24/26)   Counting objects:  96% (25/26)   Counting objects: 100% (26/26)   Counting objects: 100% (26/26), done.
Delta compression using up to 4 threads
Compressing objects:   8% (1/12)   Compressing objects:  16% (2/12)   Compressing objects:  25% (3/12)   Compressing objects:  33% (4/12)   Compressing objects:  41% (5/12)   Compressing objects:  50% (6/12)   Compressing objects:  58% (7/12)   Compressing objects:  66% (8/12)   Compressing objects:  75% (9/12)   Compressing objects:  83% (10/12)   Compressing objects:  91% (11/12)   Compressing objects: 100% (12/12)   Compressing objects: 100% (12/12), done.
Writing objects:   7% (1/14)   Writing objects:  14% (2/14)   Writing objects:  21% (3/14)   Writing objects:  28% (4/14)   Writing objects:  35% (5/14)   Writing objects:  42% (6/14)   Writing objects:  50% (7/14)   Writing objects:  57% (8/14)   Writing objects:  64% (9/14)   Writing objects:  71% (10/14)   Writing objects:  78% (11/14)   Writing objects:  85% (12/14)   Writing objects:  92% (13/14)   Writing objects: 100% (14/14)   Writing objects: 100% (14/14), 2.83 KiB | 1.42 MiB/s, done.
Total 14 (delta 5), reused 0 (delta 0)
remote: Resolving deltas:   0% (0/5)[Kremote: Resolving deltas:  20% (1/5)[Kremote: Resolving deltas:  40% (2/5)[Kremote: Resolving deltas:  60% (3/5)[Kremote: Resolving deltas:  80% (4/5)[Kremote: Resolving deltas: 100% (5/5)[Kremote: Resolving deltas: 100% (5/5), completed with 5 local objects.[K
To https://github.com/dyudkin/my_boxplot.git
   a6344dd..02897ea  master -> master
]0;~/Dropbox/R/my-boxplotvani-kilakkathis-macbook-3:my-boxplot danielyudkin$ git add . 
]0;~/Dropbox/R/my-boxplotvani-kilakkathis-macbook-3:my-boxplot danielyudkin$ git commit -m "Second commit"
[master cda5f6f] Second commit
 Committer: Daniel Yudkin <danielyudkin@vani-kilakkathis-macbook-3.local>
Your name and email address were configured automatically based
on your username and hostname. Please check that they are accurate.
You can suppress this message by setting them explicitly. Run the
following command and follow the instructions in your editor to edit
your configuration file:

    git config --global --edit

After doing this, you may fix the identity used for this commit with:

    git commit --amend --reset-author

 3 files changed, 41 insertions(+), 11 deletions(-)
]0;~/Dropbox/R/my-boxplotvani-kilakkathis-macbook-3:my-boxplot danielyudkin$ git push
Enumerating objects: 19, done.
Counting objects:   5% (1/19)   Counting objects:  10% (2/19)   Counting objects:  15% (3/19)   Counting objects:  21% (4/19)   Counting objects:  26% (5/19)   Counting objects:  31% (6/19)   Counting objects:  36% (7/19)   Counting objects:  42% (8/19)   Counting objects:  47% (9/19)   Counting objects:  52% (10/19)   Counting objects:  57% (11/19)   Counting objects:  63% (12/19)   Counting objects:  68% (13/19)   Counting objects:  73% (14/19)   Counting objects:  78% (15/19)   Counting objects:  84% (16/19)   Counting objects:  89% (17/19)   Counting objects:  94% (18/19)   Counting objects: 100% (19/19)   Counting objects: 100% (19/19), done.
Delta compression using up to 4 threads
Compressing objects:  11% (1/9)   Compressing objects:  22% (2/9)   Compressing objects:  33% (3/9)   Compressing objects:  44% (4/9)   Compressing objects:  55% (5/9)   Compressing objects:  66% (6/9)   Compressing objects:  77% (7/9)   Compressing objects:  88% (8/9)   Compressing objects: 100% (9/9)   Compressing objects: 100% (9/9), done.
Writing objects:  10% (1/10)   Writing objects:  20% (2/10)   Writing objects:  30% (3/10)   Writing objects:  40% (4/10)   Writing objects:  50% (5/10)   Writing objects:  60% (6/10)   Writing objects:  70% (7/10)   Writing objects:  80% (8/10)   Writing objects:  90% (9/10)   Writing objects: 100% (10/10)   Writing objects: 100% (10/10), 1.57 KiB | 806.00 KiB/s, done.
Total 10 (delta 2), reused 0 (delta 0)
remote: Resolving deltas:   0% (0/2)[Kremote: Resolving deltas:  50% (1/2)[Kremote: Resolving deltas: 100% (2/2)[Kremote: Resolving deltas: 100% (2/2), completed with 2 local objects.[K
To https://github.com/dyudkin/my_boxplot.git
   02897ea..cda5f6f  master -> master
]0;~/Dropbox/R/my-boxplotvani-kilakkathis-macbook-3:my-boxplot danielyudkin$ git add . 
]0;~/Dropbox/R/my-boxplotvani-kilakkathis-macbook-3:my-boxplot danielyudkin$ git commit -m "First commit"
[master fd608ff] First commit
 Committer: Daniel Yudkin <danielyudkin@vani-kilakkathis-macbook-3.local>
Your name and email address were configured automatically based
on your username and hostname. Please check that they are accurate.
You can suppress this message by setting them explicitly. Run the
following command and follow the instructions in your editor to edit
your configuration file:

    git config --global --edit

After doing this, you may fix the identity used for this commit with:

    git commit --amend --reset-author

 3 files changed, 31 insertions(+), 3 deletions(-)
]0;~/Dropbox/R/my-boxplotvani-kilakkathis-macbook-3:my-boxplot danielyudkin$ git push
Enumerating objects: 19, done.
Counting objects:   5% (1/19)   Counting objects:  10% (2/19)   Counting objects:  15% (3/19)   Counting objects:  21% (4/19)   Counting objects:  26% (5/19)   Counting objects:  31% (6/19)   Counting objects:  36% (7/19)   Counting objects:  42% (8/19)   Counting objects:  47% (9/19)   Counting objects:  52% (10/19)   Counting objects:  57% (11/19)   Counting objects:  63% (12/19)   Counting objects:  68% (13/19)   Counting objects:  73% (14/19)   Counting objects:  78% (15/19)   Counting objects:  84% (16/19)   Counting objects:  89% (17/19)   Counting objects:  94% (18/19)   Counting objects: 100% (19/19)   Counting objects: 100% (19/19), done.
Delta compression using up to 4 threads
Compressing objects:  11% (1/9)   Compressing objects:  22% (2/9)   Compressing objects:  33% (3/9)   Compressing objects:  44% (4/9)   Compressing objects:  55% (5/9)   Compressing objects:  66% (6/9)   Compressing objects:  77% (7/9)   Compressing objects:  88% (8/9)   Compressing objects: 100% (9/9)   Compressing objects: 100% (9/9), done.
Writing objects:  10% (1/10)   Writing objects:  20% (2/10)   Writing objects:  30% (3/10)   Writing objects:  40% (4/10)   Writing objects:  50% (5/10)   Writing objects:  60% (6/10)   Writing objects:  70% (7/10)   Writing objects:  80% (8/10)   Writing objects:  90% (9/10)   Writing objects: 100% (10/10)   Writing objects: 100% (10/10), 1.37 KiB | 469.00 KiB/s, done.
Total 10 (delta 2), reused 0 (delta 0)
remote: Resolving deltas:   0% (0/2)[Kremote: Resolving deltas:  50% (1/2)[Kremote: Resolving deltas: 100% (2/2)[Kremote: Resolving deltas: 100% (2/2), completed with 2 local objects.[K
To https://github.com/dyudkin/my_boxplot.git
   cda5f6f..fd608ff  master -> master
]0;~/Dropbox/R/my-boxplotvani-kilakkathis-macbook-3:my-boxplot danielyudkin$ git push
Everything up-to-date
]0;~/Dropbox/R/my-boxplotvani-kilakkathis-macbook-3:my-boxplot danielyudkin$ git add .